Copyright 1986-2022 Xilinx, Inc. All Rights Reserved. Copyright 2022-2024 Advanced Micro Devices, Inc. All Rights Reserved.
---------------------------------------------------------------------------------------------------------------------------------------------
| Tool Version : Vivado v.2024.2 (win64) Build 5239630 Fri Nov 08 22:35:27 MST 2024
| Date         : Sun Jun  8 13:43:32 2025
| Host         : RudyAsus running 64-bit major release  (build 9200)
| Command      : report_utilization -file design_1_wrapper_utilization_placed.rpt -pb design_1_wrapper_utilization_placed.pb
| Design       : design_1_wrapper
| Device       : xc7z020clg400-1
| Speed File   : -1
| Design State : Fully Placed
---------------------------------------------------------------------------------------------------------------------------------------------

Utilization Design Information

Table of Contents
-----------------
1. Slice Logic
1.1 Summary of Registers by Type
2. Slice Logic Distribution
3. Memory
4. DSP
5. IO and GT Specific
6. Clocking
7. Specific Feature
8. Primitives
9. Black Boxes
10. Instantiated Netlists

1. Slice Logic
--------------

+----------------------------+-------+-------+------------+-----------+-------+
|          Site Type         |  Used | Fixed | Prohibited | Available | Util% |
+----------------------------+-------+-------+------------+-----------+-------+
| Slice LUTs                 | 19649 |     0 |          0 |     53200 | 36.93 |
|   LUT as Logic             | 18741 |     0 |          0 |     53200 | 35.23 |
|   LUT as Memory            |   908 |     0 |          0 |     17400 |  5.22 |
|     LUT as Distributed RAM |   723 |     0 |            |           |       |
|     LUT as Shift Register  |   185 |     0 |            |           |       |
| Slice Registers            | 10029 |     0 |          0 |    106400 |  9.43 |
|   Register as Flip Flop    | 10029 |     0 |          0 |    106400 |  9.43 |
|   Register as Latch        |     0 |     0 |          0 |    106400 |  0.00 |
| F7 Muxes                   |   134 |     0 |          0 |     26600 |  0.50 |
| F8 Muxes                   |     0 |     0 |          0 |     13300 |  0.00 |
+----------------------------+-------+-------+------------+-----------+-------+
* Warning! LUT value is adjusted to account for LUT combining.


1.1 Summary of Registers by Type
--------------------------------

+-------+--------------+-------------+--------------+
| Total | Clock Enable | Synchronous | Asynchronous |
+-------+--------------+-------------+--------------+
| 0     |            _ |           - |            - |
| 0     |            _ |           - |          Set |
| 0     |            _ |           - |        Reset |
| 0     |            _ |         Set |            - |
| 0     |            _ |       Reset |            - |
| 0     |          Yes |           - |            - |
| 33    |          Yes |           - |          Set |
| 69    |          Yes |           - |        Reset |
| 161   |          Yes |         Set |            - |
| 9766  |          Yes |       Reset |            - |
+-------+--------------+-------------+--------------+


2. Slice Logic Distribution
---------------------------

+--------------------------------------------+-------+-------+------------+-----------+-------+
|                  Site Type                 |  Used | Fixed | Prohibited | Available | Util% |
+--------------------------------------------+-------+-------+------------+-----------+-------+
| Slice                                      |  6245 |     0 |          0 |     13300 | 46.95 |
|   SLICEL                                   |  4265 |     0 |            |           |       |
|   SLICEM                                   |  1980 |     0 |            |           |       |
| LUT as Logic                               | 18741 |     0 |          0 |     53200 | 35.23 |
|   using O5 output only                     |     2 |       |            |           |       |
|   using O6 output only                     | 14629 |       |            |           |       |
|   using O5 and O6                          |  4110 |       |            |           |       |
| LUT as Memory                              |   908 |     0 |          0 |     17400 |  5.22 |
|   LUT as Distributed RAM                   |   723 |     0 |            |           |       |
|     using O5 output only                   |     0 |       |            |           |       |
|     using O6 output only                   |   571 |       |            |           |       |
|     using O5 and O6                        |   152 |       |            |           |       |
|   LUT as Shift Register                    |   185 |     0 |            |           |       |
|     using O5 output only                   |     0 |       |            |           |       |
|     using O6 output only                   |    94 |       |            |           |       |
|     using O5 and O6                        |    91 |       |            |           |       |
| Slice Registers                            | 10029 |     0 |          0 |    106400 |  9.43 |
|   Register driven from within the Slice    |  5678 |       |            |           |       |
|   Register driven from outside the Slice   |  4351 |       |            |           |       |
|     LUT in front of the register is unused |  2059 |       |            |           |       |
|     LUT in front of the register is used   |  2292 |       |            |           |       |
| Unique Control Sets                        |   466 |       |          0 |     13300 |  3.50 |
+--------------------------------------------+-------+-------+------------+-----------+-------+
* * Note: Available Control Sets calculated as Slice * 1, Review the Control Sets Report for more information regarding control sets.


3. Memory
---------

+-------------------+------+-------+------------+-----------+-------+
|     Site Type     | Used | Fixed | Prohibited | Available | Util% |
+-------------------+------+-------+------------+-----------+-------+
| Block RAM Tile    |  136 |     0 |          0 |       140 | 97.14 |
|   RAMB36/FIFO*    |    0 |     0 |          0 |       140 |  0.00 |
|   RAMB18          |  272 |     0 |          0 |       280 | 97.14 |
|     RAMB18E1 only |  272 |       |            |           |       |
+-------------------+------+-------+------------+-----------+-------+
* Note: Each Block RAM Tile only has one FIFO logic available and therefore can accommodate only one FIFO36E1 or one FIFO18E1. However, if a FIFO18E1 occupies a Block RAM Tile, that tile can still accommodate a RAMB18E1


4. DSP
------

+----------------+------+-------+------------+-----------+-------+
|    Site Type   | Used | Fixed | Prohibited | Available | Util% |
+----------------+------+-------+------------+-----------+-------+
| DSPs           |    1 |     0 |          0 |       220 |  0.45 |
|   DSP48E1 only |    1 |       |            |           |       |
+----------------+------+-------+------------+-----------+-------+


5. IO and GT Specific
---------------------

+-----------------------------+------+-------+------------+-----------+--------+
|          Site Type          | Used | Fixed | Prohibited | Available |  Util% |
+-----------------------------+------+-------+------------+-----------+--------+
| Bonded IOB                  |    5 |     5 |          0 |       125 |   4.00 |
|   IOB Master Pads           |    3 |       |            |           |        |
|   IOB Slave Pads            |    2 |       |            |           |        |
| Bonded IPADs                |    0 |     0 |          0 |         2 |   0.00 |
| Bonded IOPADs               |  130 |   130 |          0 |       130 | 100.00 |
| PHY_CONTROL                 |    0 |     0 |          0 |         4 |   0.00 |
| PHASER_REF                  |    0 |     0 |          0 |         4 |   0.00 |
| OUT_FIFO                    |    0 |     0 |          0 |        16 |   0.00 |
| IN_FIFO                     |    0 |     0 |          0 |        16 |   0.00 |
| IDELAYCTRL                  |    0 |     0 |          0 |         4 |   0.00 |
| IBUFDS                      |    0 |     0 |          0 |       121 |   0.00 |
| PHASER_OUT/PHASER_OUT_PHY   |    0 |     0 |          0 |        16 |   0.00 |
| PHASER_IN/PHASER_IN_PHY     |    0 |     0 |          0 |        16 |   0.00 |
| IDELAYE2/IDELAYE2_FINEDELAY |    0 |     0 |          0 |       200 |   0.00 |
| ILOGIC                      |    0 |     0 |          0 |       125 |   0.00 |
| OLOGIC                      |    0 |     0 |          0 |       125 |   0.00 |
+-----------------------------+------+-------+------------+-----------+--------+


6. Clocking
-----------

+------------+------+-------+------------+-----------+-------+
|  Site Type | Used | Fixed | Prohibited | Available | Util% |
+------------+------+-------+------------+-----------+-------+
| BUFGCTRL   |    3 |     0 |          0 |        32 |  9.38 |
| BUFIO      |    0 |     0 |          0 |        16 |  0.00 |
| MMCME2_ADV |    1 |     0 |          0 |         4 | 25.00 |
| PLLE2_ADV  |    0 |     0 |          0 |         4 |  0.00 |
| BUFMRCE    |    0 |     0 |          0 |         8 |  0.00 |
| BUFHCE     |    0 |     0 |          0 |        72 |  0.00 |
| BUFR       |    0 |     0 |          0 |        16 |  0.00 |
+------------+------+-------+------------+-----------+-------+


7. Specific Feature
-------------------

+-------------+------+-------+------------+-----------+-------+
|  Site Type  | Used | Fixed | Prohibited | Available | Util% |
+-------------+------+-------+------------+-----------+-------+
| BSCANE2     |    0 |     0 |          0 |         4 |  0.00 |
| CAPTUREE2   |    0 |     0 |          0 |         1 |  0.00 |
| DNA_PORT    |    0 |     0 |          0 |         1 |  0.00 |
| EFUSE_USR   |    0 |     0 |          0 |         1 |  0.00 |
| FRAME_ECCE2 |    0 |     0 |          0 |         1 |  0.00 |
| ICAPE2      |    0 |     0 |          0 |         2 |  0.00 |
| STARTUPE2   |    0 |     0 |          0 |         1 |  0.00 |
| XADC        |    0 |     0 |          0 |         1 |  0.00 |
+-------------+------+-------+------------+-----------+-------+


8. Primitives
-------------

+------------+------+----------------------+
|  Ref Name  | Used |  Functional Category |
+------------+------+----------------------+
| FDRE       | 9766 |         Flop & Latch |
| LUT6       | 7606 |                  LUT |
| LUT3       | 5604 |                  LUT |
| LUT4       | 3770 |                  LUT |
| LUT5       | 3641 |                  LUT |
| LUT2       | 1917 |                  LUT |
| RAMS32     |  617 |   Distributed Memory |
| CARRY4     |  410 |           CarryLogic |
| LUT1       |  313 |                  LUT |
| RAMB18E1   |  272 |         Block Memory |
| RAMD32     |  230 |   Distributed Memory |
| SRL16E     |  229 |   Distributed Memory |
| FDSE       |  161 |         Flop & Latch |
| MUXF7      |  134 |                MuxFx |
| BIBUF      |  130 |                   IO |
| FDCE       |   69 |         Flop & Latch |
| SRLC32E    |   47 |   Distributed Memory |
| FDPE       |   33 |         Flop & Latch |
| RAMS64E    |   28 |   Distributed Memory |
| OBUF       |    4 |                   IO |
| BUFG       |    3 |                Clock |
| PS7        |    1 | Specialized Resource |
| MMCME2_ADV |    1 |                Clock |
| IBUF       |    1 |                   IO |
| DSP48E1    |    1 |     Block Arithmetic |
+------------+------+----------------------+


9. Black Boxes
--------------

+----------+------+
| Ref Name | Used |
+----------+------+


10. Instantiated Netlists
-------------------------

+---------------------------------------------+------+
|                   Ref Name                  | Used |
+---------------------------------------------+------+
| design_1_top_bid_converter_0                |    1 |
| design_1_top_ask_converter_0                |    1 |
| design_1_time_fifo_0                        |    1 |
| design_1_time_converter_out_0               |    1 |
| design_1_time_converter_in_0                |    1 |
| design_1_simple_threshold_0_0               |    1 |
| design_1_processing_system7_0_0             |    1 |
| design_1_proc_sys_reset_0_0                 |    1 |
| design_1_order_fifo_0                       |    1 |
| design_1_order_data_converter_0             |    1 |
| design_1_order_book_0_0                     |    1 |
| design_1_meta_fifo_0                        |    1 |
| design_1_meta_converter_0                   |    1 |
| design_1_fast_protocol_0_0                  |    1 |
| design_1_clk_wiz_0_0                        |    1 |
| design_1_axi_interconnect_0_imp_xbar_0      |    1 |
| design_1_axi_interconnect_0_imp_auto_pc_0   |    1 |
| design_1_axi_hp0_interconnect_imp_xbar_0    |    1 |
| design_1_axi_hp0_interconnect_imp_auto_pc_0 |    1 |
| design_1_axi_dma_time_0                     |    1 |
| design_1_axi_dma_order_0                    |    1 |
| design_1_axi_dma_meta_0                     |    1 |
| design_1_MicroblazeToSwitch_0_0             |    1 |
+---------------------------------------------+------+


