================================================================
== Design Size Report
================================================================

* Total Instructions per Compilation Phase
+---------------+-----------------------------+--------------+----------------------------------------------------------------------------------------+
| Phase         | Step                        | Instructions | Description                                                                            |
+---------------+-----------------------------+--------------+----------------------------------------------------------------------------------------+
| Compile/Link  |                             | 12,161       | After all functions are compiled and linked into a single design                       |
|               |                             |              |                                                                                        |
| Unroll/Inline |                             |              | After user unroll and inline pragmas are applied                                       |
|               | (1) unroll                  |  1,208       | user unroll pragmas are applied                                                        |
|               | (2) simplification          |    737       | simplification of applied user unroll pragmas                                          |
|               | (3) inline                  |    718       | user inline pragmas are applied                                                        |
|               | (4) simplification          |    715       | simplification of applied user inline pragmas                                          |
|               |                             |              |                                                                                        |
| Array/Struct  |                             |              | After user array partition and struct aggregate/disaggregate pragmas are applied       |
|               | (1) array partition         |  1,272       | user array partition pragmas are applied                                               |
|               | (2) simplification          |    590       | simplification of applied user array partition & struct aggregate/disaggregate pragmas |
|               | (3) aggregate/disaggregate  |    590       | user struct aggregate/disaggregate pragmas are applied                                 |
|               | (4) array reshape           |    694       | apply array reshape pragmas                                                            |
|               | (5) access patterns         |    689       | array access pattern optmizations                                                      |
|               |                             |              |                                                                                        |
| Performance   |                             |              | After transformations are applied to meet performance pragma targets                   |
|               | (1) loop simplification     |    687       | loop and instruction simplification                                                    |
|               | (2) parallelization         |    686       | loops are unrolled or pipelined to meet performance targets                            |
|               | (3) array partition         |    686       | arrays are partitioned to meet performance targets                                     |
|               | (4) simplification          |    686       | simplification of design after performance transformations                             |
|               |                             |              |                                                                                        |
| HW Transforms |                             |              | After hardware transfomations                                                          |
|               | (1) lowering                |    677       | initial conversion to HW specific instructions                                         |
|               | (2) optimizations           |    699       | high level synthesis optimizations                                                     |
+---------------+-----------------------------+--------------+----------------------------------------------------------------------------------------+

* Instructions per Function for each Compilation Phase
+-----------------+-----------------------+--------------+---------------+--------------+-------------+---------------+
| Function        | Location              | Compile/Link | Unroll/Inline | Array/Struct | Performance | HW Transforms |
+-----------------+-----------------------+--------------+---------------+--------------+-------------+---------------+
| + fast_protocol | fast_protocol.cpp:501 | 12,161       | 715           | 689          | 686         | 699           |
|    rxPath       | fast_protocol.cpp:29  | 7,092        | 446           | 388          | 388         | 394           |
|    txPath       | fast_protocol.cpp:347 | 5,031        | 246           | 282          | 279         | 268           |
+-----------------+-----------------------+--------------+---------------+--------------+-------------+---------------+

* Design Size Message Settings
+---------------------------------------------+--------+------------------------------------------------------------------+
| Message Setting                             | Value  | Description                                                      |
+---------------------------------------------+--------+------------------------------------------------------------------+
| config_compile -design_size_maximum_warning | 100000 | Show a warning when total design instructions exceeds this value |
+---------------------------------------------+--------+------------------------------------------------------------------+


